__CONSTANTS__
 [
 ]
__STATIC__
 [
 ]
__init__ __sala_static_initializer__:
  __params__:
  (
  )
  __locals__:
  [
  ]
  __basic_blocks__:
  <
    __entry__
    0:
     >>BB-IN MAY: <<
     >>BB-IN UNIQUE: <<
    {
       >>BEFORE MAY: <<
       >>BEFORE UNIQUE: <<
      RET
       >>AFTER MAY: <<
       >>AFTER UNIQUE: <<
    }
    |_succ__:
    |_pred__:

  >

__entry__ main:
  __params__:
  (
  )
  __locals__:
  [
    0
  ]
  __basic_blocks__:
  <
    __entry__
    0:
     >>BB-IN MAY: <<
     >>BB-IN UNIQUE: <<
    {
       >>BEFORE MAY: <<
       >>BEFORE UNIQUE: <<
      ALLOCA 0
       >>AFTER MAY: 0 = { -7 }; <<
       >>AFTER UNIQUE: <<
       >>BEFORE MAY: 0 = { -7 }; <<
       >>BEFORE UNIQUE: <<
      RET
       >>AFTER MAY: 0 = { -7 }; <<
       >>AFTER UNIQUE: <<
    }
    |_succ__:
    |_pred__:

  >

