__CONSTANTS__
 [
  0
 ]
__STATIC__
 [
 ]
__init__ __sala_static_initializer__:
  __params__:
  (
  )
  __locals__:
  [
  ]
  __basic_blocks__:
  <
    __entry__
    0:
     >>BB-IN MAY: <<
     >>BB-IN UNIQUE: <<
    {
       >>BEFORE MAY: <<
       >>BEFORE UNIQUE: <<
      RET
       >>AFTER MAY: <<
       >>AFTER UNIQUE: <<
    }
    |_succ__:
    |_pred__:

  >

__entry__ main:
  __params__:
  (
  )
  __locals__:
  [
    1
    2
    3
    4
    5
  ]
  __basic_blocks__:
  <
    __entry__
    0:
     >>BB-IN MAY: -8 = { -4 }; <<
     >>BB-IN UNIQUE: <<
    {
       >>BEFORE MAY: -8 = { -4 }; <<
       >>BEFORE UNIQUE: <<
      MALLOC 1
       >>AFTER MAY: -8 = { -4 }; 1 = { -8 }; <<
       >>AFTER UNIQUE: <<
       >>BEFORE MAY: -8 = { -4 }; 1 = { -8 }; <<
       >>BEFORE UNIQUE: <<
      ADDRESS 2 3
       >>AFTER MAY: -8 = { -4 }; 1 = { -8 }; 2 = { 3 }; <<
       >>AFTER UNIQUE: 2 -> 3; <<
       >>BEFORE MAY: -8 = { -4 }; 1 = { -8 }; 2 = { 3 }; <<
       >>BEFORE UNIQUE: 2 -> 3; <<
      COPY 5 0
       >>AFTER MAY: -8 = { -4 }; 1 = { -8 }; 2 = { 3 }; <<
       >>AFTER UNIQUE: 2 -> 3; <<
       >>BEFORE MAY: -8 = { -4 }; 1 = { -8 }; 2 = { 3 }; <<
       >>BEFORE UNIQUE: 2 -> 3; <<
      BRANCH 5
       >>AFTER MAY: -8 = { -4 }; 1 = { -8 }; 2 = { 3 }; <<
       >>AFTER UNIQUE: 2 -> 3; <<
    }
    |_succ__: 1 2
    |_pred__:

    1:
     >>BB-IN MAY: -8 = { -4 }; 1 = { -8 }; 2 = { 3 }; <<
     >>BB-IN UNIQUE: 2 -> 3; <<
    {
       >>BEFORE MAY: -8 = { -4 }; 1 = { -8 }; 2 = { 3 }; <<
       >>BEFORE UNIQUE: 2 -> 3; <<
      STORE 1 2
       >>AFTER MAY: -8 = { -4, 3 }; 1 = { -8 }; 2 = { 3 }; <<
       >>AFTER UNIQUE: 2 -> 3; <<
       >>BEFORE MAY: -8 = { -4, 3 }; 1 = { -8 }; 2 = { 3 }; <<
       >>BEFORE UNIQUE: 2 -> 3; <<
      JUMP
       >>AFTER MAY: -8 = { -4, 3 }; 1 = { -8 }; 2 = { 3 }; <<
       >>AFTER UNIQUE: 2 -> 3; <<
    }
    |_succ__: 3
    |_pred__: 0

    2:
     >>BB-IN MAY: -8 = { -4 }; 1 = { -8 }; 2 = { 3 }; <<
     >>BB-IN UNIQUE: 2 -> 3; <<
    {
       >>BEFORE MAY: -8 = { -4 }; 1 = { -8 }; 2 = { 3 }; <<
       >>BEFORE UNIQUE: 2 -> 3; <<
      JUMP
       >>AFTER MAY: -8 = { -4 }; 1 = { -8 }; 2 = { 3 }; <<
       >>AFTER UNIQUE: 2 -> 3; <<
    }
    |_succ__: 3
    |_pred__: 0

    3:
     >>BB-IN MAY: -8 = { -4, 3 }; 1 = { -8 }; 2 = { 3 }; <<
     >>BB-IN UNIQUE: 2 -> 3; <<
    {
       >>BEFORE MAY: -8 = { -4, 3 }; 1 = { -8 }; 2 = { 3 }; <<
       >>BEFORE UNIQUE: 2 -> 3; <<
      LOAD 4 1
       >>AFTER MAY: -8 = { -4, 3 }; 1 = { -8 }; 2 = { 3 }; 4 = { -8, -4, 3 }; <<
       >>AFTER UNIQUE: 2 -> 3; <<
       >>BEFORE MAY: -8 = { -4, 3 }; 1 = { -8 }; 2 = { 3 }; 4 = { -8, -4, 3 }; <<
       >>BEFORE UNIQUE: 2 -> 3; <<
      RET
       >>AFTER MAY: -8 = { -4, 3 }; 1 = { -8 }; 2 = { 3 }; 4 = { -8, -4, 3 }; <<
       >>AFTER UNIQUE: 2 -> 3; <<
    }
    |_succ__:
    |_pred__: 2 1

  >

