__CONSTANTS__
 [
  0
 ]
__STATIC__
 [
 ]
__init__ __sala_static_initializer__:
  __params__:
  (
  )
  __locals__:
  [
  ]
  __basic_blocks__:
  <
    __entry__
    0:
     >>BB-IN MAY: <<
     >>BB-IN UNIQUE: <<
    {
       >>BEFORE MAY: <<
       >>BEFORE UNIQUE: <<
      RET
       >>AFTER MAY: <<
       >>AFTER UNIQUE: <<
    }
    |_succ__:
    |_pred__:

  >

__entry__ main:
  __params__:
  (
  )
  __locals__:
  [
    1
    2
    3
  ]
  __basic_blocks__:
  <
    __entry__
    0:
     >>BB-IN MAY: <<
     >>BB-IN UNIQUE: <<
    {
       >>BEFORE MAY: <<
       >>BEFORE UNIQUE: <<
      COPY 3 0
       >>AFTER MAY: <<
       >>AFTER UNIQUE: <<
       >>BEFORE MAY: <<
       >>BEFORE UNIQUE: <<
      BRANCH 3
       >>AFTER MAY: <<
       >>AFTER UNIQUE: <<
    }
    |_succ__: 1 2
    |_pred__:

    1:
     >>BB-IN MAY: <<
     >>BB-IN UNIQUE: <<
    {
       >>BEFORE MAY: <<
       >>BEFORE UNIQUE: <<
      MALLOC 1
       >>AFTER MAY: 1 = { -8 }; <<
       >>AFTER UNIQUE: <<
       >>BEFORE MAY: 1 = { -8 }; <<
       >>BEFORE UNIQUE: <<
      JUMP
       >>AFTER MAY: 1 = { -8 }; <<
       >>AFTER UNIQUE: <<
    }
    |_succ__: 3
    |_pred__: 0

    2:
     >>BB-IN MAY: <<
     >>BB-IN UNIQUE: <<
    {
       >>BEFORE MAY: <<
       >>BEFORE UNIQUE: <<
      JUMP
       >>AFTER MAY: <<
       >>AFTER UNIQUE: <<
    }
    |_succ__: 3
    |_pred__: 0

    3:
     >>BB-IN MAY: 1 = { -8 }; <<
     >>BB-IN UNIQUE: <<
    {
       >>BEFORE MAY: 1 = { -8 }; <<
       >>BEFORE UNIQUE: <<
      LOAD 2 1
       >>AFTER MAY: 1 = { -8 }; 2 = { -8 }; <<
       >>AFTER UNIQUE: <<
       >>BEFORE MAY: 1 = { -8 }; 2 = { -8 }; <<
       >>BEFORE UNIQUE: <<
      RET
       >>AFTER MAY: 1 = { -8 }; 2 = { -8 }; <<
       >>AFTER UNIQUE: <<
    }
    |_succ__:
    |_pred__: 2 1

  >

