__CONSTANTS__
 [
  0
 ]
__STATIC__
 [
 ]
__init__ __sala_static_initializer__:
  __params__:
  (
  )
  __locals__:
  [
  ]
  __basic_blocks__:
  <
    __entry__
    0:
     >>BB-IN MAY: <<
     >>BB-IN MUST: <<
    {
       >>BEFORE MAY: <<
       >>BEFORE MUST: <<
      RET
       >>AFTER MAY: <<
       >>AFTER MUST: <<
    }
    |_succ__:
    |_pred__:

  >

__entry__ main:
  __params__:
  (
  )
  __locals__:
  [
    1
    2
    3
    4
    5
    6
  ]
  __basic_blocks__:
  <
    __entry__
    0:
     >>BB-IN MAY: <<
     >>BB-IN MUST: <<
    {
       >>BEFORE MAY: <<
       >>BEFORE MUST: <<
      ADDRESS 1 2
       >>AFTER MAY: 1 = { 2 }; <<
       >>AFTER MUST: 1 -> 2; <<
       >>BEFORE MAY: 1 = { 2 }; <<
       >>BEFORE MUST: 1 -> 2; <<
      COPY 6 0
       >>AFTER MAY: 1 = { 2 }; <<
       >>AFTER MUST: 1 -> 2; <<
       >>BEFORE MAY: 1 = { 2 }; <<
       >>BEFORE MUST: 1 -> 2; <<
      BRANCH 6
       >>AFTER MAY: 1 = { 2 }; <<
       >>AFTER MUST: 1 -> 2; <<
    }
    |_succ__: 1 2
    |_pred__:

    1:
     >>BB-IN MAY: 1 = { 2 }; <<
     >>BB-IN MUST: 1 -> 2; <<
    {
       >>BEFORE MAY: 1 = { 2 }; <<
       >>BEFORE MUST: 1 -> 2; <<
      ADDRESS 3 4
       >>AFTER MAY: 1 = { 2 }; 3 = { 4 }; <<
       >>AFTER MUST: 1 -> 2; 3 -> 4; <<
       >>BEFORE MAY: 1 = { 2 }; 3 = { 4 }; <<
       >>BEFORE MUST: 1 -> 2; 3 -> 4; <<
      STORE 1 3
       >>AFTER MAY: 1 = { 2 }; 2 = { 4 }; 3 = { 4 }; <<
       >>AFTER MUST: 1 -> 2; 2 -> 4; 3 -> 4; <<
       >>BEFORE MAY: 1 = { 2 }; 2 = { 4 }; 3 = { 4 }; <<
       >>BEFORE MUST: 1 -> 2; 2 -> 4; 3 -> 4; <<
      JUMP
       >>AFTER MAY: 1 = { 2 }; 2 = { 4 }; 3 = { 4 }; <<
       >>AFTER MUST: 1 -> 2; 2 -> 4; 3 -> 4; <<
    }
    |_succ__: 3
    |_pred__: 0

    2:
     >>BB-IN MAY: 1 = { 2 }; <<
     >>BB-IN MUST: 1 -> 2; <<
    {
       >>BEFORE MAY: 1 = { 2 }; <<
       >>BEFORE MUST: 1 -> 2; <<
      STORE 1 3
       >>AFTER MAY: 1 = { 2 }; <<
       >>AFTER MUST: 1 -> 2; <<
       >>BEFORE MAY: 1 = { 2 }; <<
       >>BEFORE MUST: 1 -> 2; <<
      JUMP
       >>AFTER MAY: 1 = { 2 }; <<
       >>AFTER MUST: 1 -> 2; <<
    }
    |_succ__: 3
    |_pred__: 0

    3:
     >>BB-IN MAY: 1 = { 2 }; 2 = { 4, MERGE_UNKNOWN }; 3 = { 4, MERGE_UNKNOWN }; <<
     >>BB-IN MUST: 1 -> 2; <<
    {
       >>BEFORE MAY: 1 = { 2 }; 2 = { 4, MERGE_UNKNOWN }; 3 = { 4, MERGE_UNKNOWN }; <<
       >>BEFORE MUST: 1 -> 2; <<
      LOAD 5 1
       >>AFTER MAY: 1 = { 2 }; 2 = { 4, MERGE_UNKNOWN }; 3 = { 4, MERGE_UNKNOWN }; 5 = { 4, MERGE_UNKNOWN }; <<
       >>AFTER MUST: 1 -> 2; <<
       >>BEFORE MAY: 1 = { 2 }; 2 = { 4, MERGE_UNKNOWN }; 3 = { 4, MERGE_UNKNOWN }; 5 = { 4, MERGE_UNKNOWN }; <<
       >>BEFORE MUST: 1 -> 2; <<
      RET
       >>AFTER MAY: 1 = { 2 }; 2 = { 4, MERGE_UNKNOWN }; 3 = { 4, MERGE_UNKNOWN }; 5 = { 4, MERGE_UNKNOWN }; <<
       >>AFTER MUST: 1 -> 2; <<
    }
    |_succ__:
    |_pred__: 2 1

  >

