__CONSTANTS__
 [
  0
 ]
__STATIC__
 [
 ]
__init__ __sala_static_initializer__:
  __params__:
  (
  )
  __locals__:
  [
  ]
  __basic_blocks__:
  <
    __entry__
    0:
     >>BB-IN MAY: <<
     >>BB-IN UNIQUE: <<
    {
       >>BEFORE MAY: <<
       >>BEFORE UNIQUE: <<
      RET
       >>AFTER MAY: <<
       >>AFTER UNIQUE: <<
    }
    |_succ__:
    |_pred__:

  >

__entry__ main:
  __params__:
  (
  )
  __locals__:
  [
    1
    2
    3
  ]
  __basic_blocks__:
  <
    __entry__
    0:
     >>BB-IN MAY: <<
     >>BB-IN UNIQUE: <<
    {
       >>BEFORE MAY: <<
       >>BEFORE UNIQUE: <<
      ADDRESS 1 2
       >>AFTER MAY: 1 = { 2 }; <<
       >>AFTER UNIQUE: 1 -> 2; <<
       >>BEFORE MAY: 1 = { 2 }; <<
       >>BEFORE UNIQUE: 1 -> 2; <<
      JUMP
       >>AFTER MAY: 1 = { 2 }; <<
       >>AFTER UNIQUE: 1 -> 2; <<
    }
    |_succ__: 1
    |_pred__:

    1:
     >>BB-IN MAY: 1 = { 2 }; <<
     >>BB-IN UNIQUE: 1 -> 2; <<
    {
       >>BEFORE MAY: 1 = { 2 }; <<
       >>BEFORE UNIQUE: 1 -> 2; <<
      COPY 3 0
       >>AFTER MAY: 1 = { 2 }; <<
       >>AFTER UNIQUE: 1 -> 2; <<
       >>BEFORE MAY: 1 = { 2 }; <<
       >>BEFORE UNIQUE: 1 -> 2; <<
      BRANCH 3
       >>AFTER MAY: 1 = { 2 }; <<
       >>AFTER UNIQUE: 1 -> 2; <<
    }
    |_succ__: 1 2
    |_pred__: 1 0

    2:
     >>BB-IN MAY: 1 = { 2 }; <<
     >>BB-IN UNIQUE: 1 -> 2; <<
    {
       >>BEFORE MAY: 1 = { 2 }; <<
       >>BEFORE UNIQUE: 1 -> 2; <<
      RET
       >>AFTER MAY: 1 = { 2 }; <<
       >>AFTER UNIQUE: 1 -> 2; <<
    }
    |_succ__:
    |_pred__: 1

  >

