__CONSTANTS__
 [
  0
 ]
__STATIC__
 [
 ]
__init__ __sala_static_initializer__:
  __params__:
  (
  )
  __locals__:
  [
  ]
  __basic_blocks__:
  <
    __entry__
    0:
     >>BB-IN MAY: <<
     >>BB-IN UNIQUE: <<
    {
       >>BEFORE MAY: <<
       >>BEFORE UNIQUE: <<
      RET
       >>AFTER MAY: <<
       >>AFTER UNIQUE: <<
    }
    |_succ__:
    |_pred__:

  >

__entry__ main:
  __params__:
  (
    1
  )
  __locals__:
  [
    2
    3
    4
  ]
  __basic_blocks__:
  <
    __entry__
    0:
     >>BB-IN MAY: 1 = { -3 }; <<
     >>BB-IN UNIQUE: <<
    {
       >>BEFORE MAY: 1 = { -3 }; <<
       >>BEFORE UNIQUE: <<
      ADDRESS 2 3
       >>AFTER MAY: 1 = { -3 }; 2 = { 3 }; <<
       >>AFTER UNIQUE: 2 -> 3; <<
       >>BEFORE MAY: 1 = { -3 }; 2 = { 3 }; <<
       >>BEFORE UNIQUE: 2 -> 3; <<
      COPY 4 1
       >>AFTER MAY: 1 = { -3 }; 2 = { 3 }; 4 = { -3 }; <<
       >>AFTER UNIQUE: 2 -> 3; <<
       >>BEFORE MAY: 1 = { -3 }; 2 = { 3 }; 4 = { -3 }; <<
       >>BEFORE UNIQUE: 2 -> 3; <<
      MEMCPY 2 4
       >>AFTER MAY: 1 = { -3 }; 2 = { 3 }; 4 = { -3 }; <<
       >>AFTER UNIQUE: 2 -> 3; <<
       >>BEFORE MAY: 1 = { -3 }; 2 = { 3 }; 4 = { -3 }; <<
       >>BEFORE UNIQUE: 2 -> 3; <<
      RET
       >>AFTER MAY: 1 = { -3 }; 2 = { 3 }; 4 = { -3 }; <<
       >>AFTER UNIQUE: 2 -> 3; <<
    }
    |_succ__:
    |_pred__:

  >

