__CONSTANTS__
 [
  0
 ]
__STATIC__
 [
  1
  2
  3
  4
  5
 ]
__init__ __sala_static_initializer__:
  __params__:
  (
  )
  __locals__:
  [
    6
  ]
  __basic_blocks__:
  <
    __entry__
    0:
     >>BB-IN MAY: <<
     >>BB-IN UNIQUE: <<
    {
       >>BEFORE MAY: <<
       >>BEFORE UNIQUE: <<
      COPY 6 0
       >>AFTER MAY: <<
       >>AFTER UNIQUE: <<
       >>BEFORE MAY: <<
       >>BEFORE UNIQUE: <<
      BRANCH 6
       >>AFTER MAY: <<
       >>AFTER UNIQUE: <<
    }
    |_succ__: 1 2
    |_pred__:

    1:
     >>BB-IN MAY: <<
     >>BB-IN UNIQUE: <<
    {
       >>BEFORE MAY: <<
       >>BEFORE UNIQUE: <<
      ADDRESS 2 3
       >>AFTER MAY: 2 = { 3 }; <<
       >>AFTER UNIQUE: 2 -> 3; <<
       >>BEFORE MAY: 2 = { 3 }; <<
       >>BEFORE UNIQUE: 2 -> 3; <<
      JUMP
       >>AFTER MAY: 2 = { 3 }; <<
       >>AFTER UNIQUE: 2 -> 3; <<
    }
    |_succ__: 3
    |_pred__: 0

    2:
     >>BB-IN MAY: <<
     >>BB-IN UNIQUE: <<
    {
       >>BEFORE MAY: <<
       >>BEFORE UNIQUE: <<
      ADDRESS 2 4
       >>AFTER MAY: 2 = { 4 }; <<
       >>AFTER UNIQUE: 2 -> 4; <<
       >>BEFORE MAY: 2 = { 4 }; <<
       >>BEFORE UNIQUE: 2 -> 4; <<
      JUMP
       >>AFTER MAY: 2 = { 4 }; <<
       >>AFTER UNIQUE: 2 -> 4; <<
    }
    |_succ__: 3
    |_pred__: 0

    3:
     >>BB-IN MAY: 2 = { 3, 4 }; <<
     >>BB-IN UNIQUE: <<
    {
       >>BEFORE MAY: 2 = { 3, 4 }; <<
       >>BEFORE UNIQUE: <<
      RET
       >>AFTER MAY: 2 = { 3, 4 }; <<
       >>AFTER UNIQUE: <<
    }
    |_succ__:
    |_pred__: 2 1

  >

__entry__ main:
  __params__:
  (
  )
  __locals__:
  [
    6
    7
  ]
  __basic_blocks__:
  <
    __entry__
    0:
     >>BB-IN MAY: 2 = { 3, 4 }; <<
     >>BB-IN UNIQUE: <<
    {
       >>BEFORE MAY: 2 = { 3, 4 }; <<
       >>BEFORE UNIQUE: <<
      ADDRESS 6 2
       >>AFTER MAY: 2 = { 3, 4 }; 6 = { 2 }; <<
       >>AFTER UNIQUE: 6 -> 2; <<
       >>BEFORE MAY: 2 = { 3, 4 }; 6 = { 2 }; <<
       >>BEFORE UNIQUE: 6 -> 2; <<
      LOAD 7 6
       >>AFTER MAY: 2 = { 3, 4 }; 6 = { 2 }; 7 = { 3, 4 }; <<
       >>AFTER UNIQUE: 6 -> 2; <<
       >>BEFORE MAY: 2 = { 3, 4 }; 6 = { 2 }; 7 = { 3, 4 }; <<
       >>BEFORE UNIQUE: 6 -> 2; <<
      RET
       >>AFTER MAY: 2 = { 3, 4 }; 6 = { 2 }; 7 = { 3, 4 }; <<
       >>AFTER UNIQUE: 6 -> 2; <<
    }
    |_succ__:
    |_pred__:

  >

