__CONSTANTS__
 [
 ]
__STATIC__
 [
 ]
__init__ __sala_static_initializer__:
  __params__:
  (
  )
  __locals__:
  [
  ]
  __basic_blocks__:
  <
    __entry__
    0:
     >>BB-IN MAY: <<
     >>BB-IN MUST: <<
    {
       >>BEFORE MAY: <<
       >>BEFORE MUST: <<
      RET
       >>AFTER MAY: <<
       >>AFTER MUST: <<
    }
    |_succ__:
    |_pred__:

  >

__entry__ main:
  __params__:
  (
  )
  __locals__:
  [
    0
    1
    2
    3
  ]
  __basic_blocks__:
  <
    __entry__
    0:
     >>BB-IN MAY: <<
     >>BB-IN MUST: <<
    {
       >>BEFORE MAY: <<
       >>BEFORE MUST: <<
      ADDRESS 0 1
       >>AFTER MAY: 0 = { 1 }; <<
       >>AFTER MUST: 0 -> 1; <<
       >>BEFORE MAY: 0 = { 1 }; <<
       >>BEFORE MUST: 0 -> 1; <<
      ADDRESS 2 3
       >>AFTER MAY: 0 = { 1 }; 2 = { 3 }; <<
       >>AFTER MUST: 0 -> 1; 2 -> 3; <<
       >>BEFORE MAY: 0 = { 1 }; 2 = { 3 }; <<
       >>BEFORE MUST: 0 -> 1; 2 -> 3; <<
      COPY 0 2
       >>AFTER MAY: 0 = { 3 }; 2 = { 3 }; <<
       >>AFTER MUST: 0 -> 3; 2 -> 3; <<
       >>BEFORE MAY: 0 = { 3 }; 2 = { 3 }; <<
       >>BEFORE MUST: 0 -> 3; 2 -> 3; <<
      STORE 0 1
       >>AFTER MAY: 0 = { 3 }; 2 = { 3 }; <<
       >>AFTER MUST: 0 -> 3; 2 -> 3; <<
       >>BEFORE MAY: 0 = { 3 }; 2 = { 3 }; <<
       >>BEFORE MUST: 0 -> 3; 2 -> 3; <<
      RET
       >>AFTER MAY: 0 = { 3 }; 2 = { 3 }; <<
       >>AFTER MUST: 0 -> 3; 2 -> 3; <<
    }
    |_succ__:
    |_pred__:

  >

