__CONSTANTS__
 [
 ]
__STATIC__
 [
  0
 ]
__init__ __sala_static_initializer__:
  __params__:
  (
  )
  __locals__:
  [
  ]
  __basic_blocks__:
  <
    __entry__
    0:
     >>BB-IN MAY: <<
     >>BB-IN MUST: <<
    {
       >>BEFORE MAY: <<
       >>BEFORE MUST: <<
      RET
       >>AFTER MAY: <<
       >>AFTER MUST: <<
    }
    |_succ__:
    |_pred__:

  >

__entry__ main:
  __params__:
  (
  )
  __locals__:
  [
    1
    2
    3
  ]
  __basic_blocks__:
  <
    __entry__
    0:
     >>BB-IN MAY: 0 = { -4 }; <<
     >>BB-IN MUST: <<
    {
       >>BEFORE MAY: 0 = { -4 }; <<
       >>BEFORE MUST: <<
      ADDRESS 1 0
       >>AFTER MAY: 0 = { -4 }; 1 = { 0 }; <<
       >>AFTER MUST: 1 -> 0; <<
       >>BEFORE MAY: 0 = { -4 }; 1 = { 0 }; <<
       >>BEFORE MUST: 1 -> 0; <<
      ADDRESS 2 3
       >>AFTER MAY: 0 = { -4 }; 1 = { 0 }; 2 = { 3 }; <<
       >>AFTER MUST: 1 -> 0; 2 -> 3; <<
       >>BEFORE MAY: 0 = { -4 }; 1 = { 0 }; 2 = { 3 }; <<
       >>BEFORE MUST: 1 -> 0; 2 -> 3; <<
      STORE 1 2
       >>AFTER MAY: 0 = { 3 }; 1 = { 0 }; 2 = { 3 }; <<
       >>AFTER MUST: 0 -> 3; 1 -> 0; 2 -> 3; <<
       >>BEFORE MAY: 0 = { 3 }; 1 = { 0 }; 2 = { 3 }; <<
       >>BEFORE MUST: 0 -> 3; 1 -> 0; 2 -> 3; <<
      RET
       >>AFTER MAY: 0 = { 3 }; 1 = { 0 }; 2 = { 3 }; <<
       >>AFTER MUST: 0 -> 3; 1 -> 0; 2 -> 3; <<
    }
    |_succ__:
    |_pred__:

  >

