__CONSTANTS__
 [
  0
  1
  2
  3
  4
 ]
__STATIC__
 [
 ]
__init__ __sala_static_initializer__:
  __params__:
  (
  )
  __locals__:
  [
  ]
  __basic_blocks__:
  <
    __entry__
    0:
     >>LIVE_OUT: {} <<
     >>REMOVABLE: {}<<
    {
      RET    >>QUERY: [removable=no, live_before={} , live_after={} ] <<
    }
    |_succ__:
    |_pred__:

  >

__entry__ main:
  __params__:
  (
  )
  __locals__:
  [
    5
    6
    7
    8
  ]
  __basic_blocks__:
  <
    __entry__
    0:
     >>LIVE_OUT: {5, 6} <<
     >>REMOVABLE: {}<<
    {
      COPY 5 1    >>QUERY: [removable=no, live_before={1, 3, 6} , live_after={3, 5, 6} , operands={op=0, kind=def, value=5, before=dead, after=live; op=1, kind=use, value=1, before=live, after=dead}] <<
      COPY 8 3    >>QUERY: [removable=no, live_before={3, 5, 6} , live_after={5, 6, 8} , operands={op=0, kind=def, value=8, before=dead, after=live; op=1, kind=use, value=3, before=live, after=dead}] <<
      BRANCH 8    >>QUERY: [removable=no, live_before={5, 6, 8} , live_after={5, 6} , operands={op=0, kind=use, value=8, before=live, after=dead}] <<
    }
    |_succ__: 1 2
    |_pred__:

    1:
     >>LIVE_OUT: {} <<
     >>REMOVABLE: {}<<
    {
      ADDRESS 7 6    >>QUERY: [removable=no, live_before={5, 6} , live_after={5, 7} , operands={op=0, kind=def, value=7, before=dead, after=live; op=1, kind=use, value=6, before=live, after=dead}] <<
      STORE 7 5    >>QUERY: [removable=no, live_before={5, 7} , live_after={} , operands={op=0, kind=use, value=7, before=live, after=dead; op=1, kind=use, value=5, before=live, after=dead}] <<
      JUMP    >>QUERY: [removable=no, live_before={} , live_after={} ] <<
    }
    |_succ__: 3
    |_pred__: 0

    2:
     >>LIVE_OUT: {} <<
     >>REMOVABLE: {}<<
    {
      JUMP    >>QUERY: [removable=no, live_before={} , live_after={} ] <<
    }
    |_succ__: 3
    |_pred__: 0

    3:
     >>LIVE_OUT: {} <<
     >>REMOVABLE: {}<<
    {
      RET    >>QUERY: [removable=no, live_before={} , live_after={} ] <<
    }
    |_succ__:
    |_pred__: 2 1

  >

